// Jest Snapshot v1, https://goo.gl/fbAQLP

exports[`test priceList should render the component snapshot 1`] = `ShallowWrapper {}`;
